
> posawesome-frontend@0.0.0 build
> vite build

[36mvite v6.3.5 [32mbuilding for production...[36m[39m
transforming...
[32mΓ£ô[39m 807 modules transformed.
node.exe : [31mΓ£ù[39m Build failed in 7.57s
At C:\Program Files\nodejs\npm.ps1:29 char:3
+   & $NODE_EXE $NPM_CLI_JS $args
+   ~~~~~~~~~~~~~~~~~~~~~~~~~~~~~
    + CategoryInfo          : NotSpecified: ([ 
   31mΓ£ù[39m Build failed in 7.57s:String) [  
  ], RemoteException
    + FullyQualifiedErrorId : NativeCommandErro 
   r
 
[31merror during build:
[31mCould not resolve 
"../../utils/performance.js" from 
"src/posapp/composables/useItemSearch.js"[31m
file: [36mC:/Users/am102/Downloads/POS-Awesome-
V15/frontend/src/posapp/composables/useItemSearc
h.js[31m
    at getRollupError (file:///C:/Users/am102/Do
wnloads/POS-Awesome-V15/frontend/node_modules/ro
llup/dist/es/shared/parseAst.js:401:41)
    at error (file:///C:/Users/am102/Downloads/P
OS-Awesome-V15/frontend/node_modules/rollup/dist
/es/shared/parseAst.js:397:42)
    at ModuleLoader.handleInvalidResolvedId (fil
e:///C:/Users/am102/Downloads/POS-Awesome-V15/fr
ontend/node_modules/rollup/dist/es/shared/node-e
ntry.js:21490:24)
    at file:///C:/Users/am102/Downloads/POS-Awes
ome-V15/frontend/node_modules/rollup/dist/es/sha
red/node-entry.js:21450:26[39m
